 [2mIssues (3)[m  [7m [m[1;7mSearch[m[7m [m  [2mSettings[m                                                                        [1;35mjira[m [2mv0.0.0-test[m 
━━━━━━━━━━━━━━━━━━━━━━━━━━━━━━━━━━━━━━━━━━━━━━━━━━━━━━━━━━━━━━━━━━━━━━━━━━━━━━━━━━━━━━━━━━━━━━━━━━━━━━━━━━━━━━━━━━━━━━━━
╭──────────────────────────────────────────────────────╮   │                                                            
│ [1mJQL [m[2menter to write a JQL query · ctrl+p saved[m        │   │                                                            
│ [2mqueries · ] cycle[m                                    │   │                                                            
╰──────────────────────────────────────────────────────╯   │                                                            
                                                           │                                                            
[2m  T ! KEY           STATUS         SUMMARY              AGE[m│                                                            
                                                           │                                                            
                                                           │                                                            
                                                           │                                                            
                                                           │                                                            
                                                           │                                                            
                                                           │                                                            
                                                           │                                                            
                                                           │                                                            
                                                           │                                                            
                                                           │                                                            
                                                           │                                                            
                                                           │                                                            
                                                           │                                                            
                                                           │                                                            
                                                           │                                                            
                                                           │                                                            
                                                           │                                                            
                                                           │                                                            
                                                           │                                                            
                                                           │                                                            
                                                           │                                                            
                                                           │                                                            
                                                           │                                                            
                                                           │                                                            
                                                           │                                                            
                                                           │                                                            
                                                           │                                                            
                                                           │                                                            
                                                           │                                                            
                                                           │                                                            
[2m─[m[2m─[m[2m [m[38;2;216;222;233mdefault  ·  JCT[m[2m [m[2m───────────────────────────────────────────────────────────────────────────────────────────[m[2m [m[1;33m?[m [2mhelp[m[2m [m[2m─[m[2m─[m
[1;33m2[m [2msearch[m  [1;33mctrl+p[m [2msaved queries[m  [1;33menter[m [2mopen[m  [1;33mn[m[2mew issue[m  [1;33mt[m[2mransition[m  [1;33mA[m[2mssign me[m  [1;33mc[m[2momment[m  [1;33ml[m[2mabels[m  [1;33mo[m[2mpen browser[m  [1;33m/[m [2mfilter[m  [2m…[m