[7m [m[1;7mIssues (3)[m[7m [m  [2mSearch[m   [2mSettings[m                                [1;35mjira[m [2mv0.0.0-test[m 
━━━━━━━━━━━━━━━━━━━━━━━━━━━━━━━━━━━━━━━━━━━━━━━━━━━━━━━━━━━━━━━━━━━━━━━━━━━━━━━━
[Mine]  Updated   Reported     [2massignee = currentUser() AND statusCategory != D…[m
                                                                                
[2m  T ! KEY           STATUS         SUMMARY                     ASSIGNEE     AGE[m 
[7m  ■ ↑ JCT-1          To Do         Wire the flux capacitor     Ann Examp…       [m
  [31m▲[m [1;31m↟[m JCT-2         [1;38;2;28;28;28;48;2;226;178;3m In Progress [m  Reticulate splines before…  [38;2;31;132;90mBob Sample[m       
  [2;34m▸[m [34m↓[m JCT-3         [1;38;2;245;245;245;48;2;31;132;90m Done [m         Document the splines        [2m—         [m       
─────────────────────────────────────────────────────────────────────────────── 
 [2mJCT · [m[1;35mJCT-1[m                                                                    
 [1mWire the flux capacitor[m                                                        
                                                                                
 [1;38;2;245;245;245;48;2;29;122;252m To Do [m  [34m■[m Task                                                                
                                                                                
 Assignee:  Ann Example                                                         
 Priority:  [1;38;5;208m↑ High[m                                                              
                                                                                
                                                                                
                                                                                
                                                                                
                                                                                
                                                                                
[2m─[m[2m─[m[2m [m[38;2;216;222;233mdefault  ·  JCT[m[2m [m[2m───────────────────────────────────────────────────[m[2m [m[1;33m?[m [2mhelp[m[2m [m[2m─[m[2m─[m
     [1;33menter[m [2mopen[m  [1;33mn[m[2mew issue[m  [1;33mt[m[2mransition[m  [1;33mA[m[2mssign me[m  [1;33mc[m[2momment[m  [1;33me[m[2mdit[m  [1;33ml[m[2mabels[m  [2m…[m     