[7m [m[1;7mIssues (3)[m[7m [m  [2mSearch[m   [2mSettings[m                                [1;35mjira[m [2mv0.0.0-test[m 
━━━━━━━━[0m[34m╭──────────────────────────────────────────────────────────────╮[m━━━━━━━━
[Mine]  [2m[m[0m[34m│[m [1;33m        ↑/k[m  [38;2;216;222;233mup[m                [1;33m          l[m  [38;2;216;222;233mlabels[m           [34m│[m[2mry != D…[m
        [0m[34m│[m [1;33m        ↓/j[m  [38;2;216;222;233mdown[m              [1;33m          o[m  [38;2;216;222;233mopen browser[m     [34m│[m        
[2m  T ! KE[m[0m[34m│[m [1;33m          g[m  [38;2;216;222;233mtop[m               [1;33m      space[m  [38;2;216;222;233mselect[m           [34m│[m[2m    AGE[m 
[7m  ■ ↑ JC[m[0m[34m│[m [1;33m          G[m  [38;2;216;222;233mbottom[m            [1;33m     ctrl+a[m  [38;2;216;222;233mselect all/none[m  [34m│[m[7m…       [m
  [31m▲[m [1;31m↟[m JC[1;38;2;28;28;28;48;2;226;178;3m[m[38;2;31;132;90m[m[0m[34m│[m [1;33m     ctrl+u[m  [38;2;216;222;233mpage up[m           [1;33m          X[m  [38;2;216;222;233minvert selection[m [34m│[m[31m[m[1;31m[m[1;38;2;28;28;28;48;2;226;178;3m[m[38;2;31;132;90me[m       
  [2;34m▸[m [34m↓[m JC[1;38;2;245;245;245;48;2;31;132;90m[m[2m[m[0m[34m│[m [1;33m     ctrl+d[m  [38;2;216;222;233mpage down[m         [1;33m          x[m  [38;2;216;222;233mselect range[m     [34m│[m[2;34m[m[34m[m[1;38;2;245;245;245;48;2;31;132;90m[m[2m [m       
────────[0m[34m│[m [1;33m      tab/→[m  [38;2;216;222;233mnext view[m         [1;33m          /[m  [38;2;216;222;233mfilter[m           [34m│[m─────── 
 [2mJCT · [m[1;35mJ[m[0m[34m│[m [1;33mshift+tab/←[m  [38;2;216;222;233mprev view[m         [1;33m          f[m  [38;2;216;222;233mfacet[m            [34m│[m[2m[m[1;35m[m        
 [1mWire th[m[0m[34m│[m [1;33m          +[m  [38;2;216;222;233mgrow preview[m      [1;33m     ctrl+o[m  [38;2;216;222;233mrecent issues[m    [34m│[m[1m[m        
        [0m[34m│[m [1;33m          -[m  [38;2;216;222;233mshrink preview[m    [1;33m          ][m  [38;2;216;222;233mnext lens[m        [34m│[m        
 [1;38;2;245;245;245;48;2;29;122;252m To Do [m[34m[m[0m[34m│[m [1;33m          z[m  [38;2;216;222;233mzoom[m              [1;33m          p[m  [38;2;216;222;233mmove preview[m     [34m│[m[1;38;2;245;245;245;48;2;29;122;252m[m[34m[m        
        [0m[34m│[m [1;33m          R[m  [38;2;216;222;233mpause refresh[m     [1;33m          r[m  [38;2;216;222;233mrefresh[m          [34m│[m        
 Assigne[0m[34m│[m [1;33m      enter[m  [38;2;216;222;233mopen[m              [1;33m     ctrl+k[m  [38;2;216;222;233mcommands[m         [34m│[m        
 Priorit[1;38;5;208m[m[0m[34m│[m [1;33m          n[m  [38;2;216;222;233mnew issue[m         [1;33m          y[m  [38;2;216;222;233mcopy key[m         [34m│[m[1;38;5;208m[m        
        [0m[34m│[m [1;33m          t[m  [38;2;216;222;233mtransition[m        [1;33m          Y[m  [38;2;216;222;233mcopy url[m         [34m│[m        
        [0m[34m│[m [1;33m          A[m  [38;2;216;222;233massign me[m         [1;33m          L[m  [38;2;216;222;233mactivity log[m     [34m│[m        
        [0m[34m│[m [1;33m          c[m  [38;2;216;222;233mcomment[m           [1;33m          ?[m  [38;2;216;222;233mhelp[m             [34m│[m        
        [0m[34m│[m [1;33m          e[m  [38;2;216;222;233medit[m              [1;33m          q[m  [38;2;216;222;233mquit[m             [34m│[m        
        [0m[34m│[m                                                              [34m│[m        
        [0m[34m│[m                    [2mpress any key to close[m                    [34m│[m        
[2m─[m[2m─[m[2m [m[38;2;216;222;233mdefau[m[2m[m[2m[m[2m[m[1;33m[m[2m[m[2m[m[2m[m[2m[m[0m[34m╰──────────────────────────────────────────────────────────────╯[m[2m[m[2m[m[2m[m[38;2;216;222;233m[m[2m[m[2m[m[2m[m[1;33m[m [2mhelp[m[2m [m[2m─[m[2m─[m
     [1;33menter[m [2mopen[m  [1;33mn[m[2mew issue[m  [1;33mt[m[2mransition[m  [1;33mA[m[2mssign me[m  [1;33mc[m[2momment[m  [1;33me[m[2mdit[m  [1;33ml[m[2mabels[m  [2m…[m     